// Jest Snapshot v1, https://goo.gl/fbAQLP

exports[`should render correctly 1`] = `
<span
  className="container"
>
  B
  <span
    className="badge content variant--contained color--default no-hover variant--dot size--medium "
    hidden={false}
  />
</span>
`;

exports[`should work with different colors 1`] = `
Array [
  <span
    className="container"
  >
    pr
    <span
      className="badge content variant--contained color--primary no-hover variant--dot size--medium "
      hidden={false}
    />
  </span>,
  <span
    className="container"
  >
    se
    <span
      className="badge content variant--contained color--secondary no-hover variant--dot size--medium "
      hidden={false}
    />
  </span>,
  <span
    className="container"
  >
    er
    <span
      className="badge content variant--contained color--error no-hover variant--dot size--medium "
      hidden={false}
    />
  </span>,
  <span
    className="container"
  >
    wa
    <span
      className="badge content variant--contained color--warning no-hover variant--dot size--medium "
      hidden={false}
    />
  </span>,
  <span
    className="container"
  >
    in
    <span
      className="badge content variant--contained color--info no-hover variant--dot size--medium "
      hidden={false}
    />
  </span>,
  <span
    className="container"
  >
    su
    <span
      className="badge content variant--contained color--success no-hover variant--dot size--medium "
      hidden={false}
    />
  </span>,
  <span
    className="container"
  >
    da
    <span
      className="badge content variant--contained color--dark no-hover variant--dot size--medium "
      hidden={false}
    />
  </span>,
  <span
    className="container"
  >
    li
    <span
      className="badge content variant--contained color--light no-hover variant--dot size--medium "
      hidden={false}
    />
  </span>,
]
`;
